# Model: 6575
# Size per drive: 0B
# Total drives of this model: 16
# Sample device: /dev/sda

smartctl 7.4 2023-08-01 r5530 [x86_64-linux-6.8.0-52-generic] (local build)
Copyright (C) 2002-23, Bruce Allen, Christian Franke, www.smartmontools.org

=== START OF INFORMATION SECTION ===
Vendor:               SEAGATE
Product:              6575
Revision:             S100
Compliance:           SPC-4
User Capacity:        452,861,351,690,240 bytes [452 TB]
Logical block size:   512 bytes
Physical block size:  4096 bytes
Rotation Rate:        15000 rpm
Logical Unit id:      0x600c0ff00064dac7eaf42d6501000000
Serial number:        00c0ff64dac70000eaf42d6501000000
Device type:          disk
Transport protocol:   SAS (SPL-4)
Local Time is:        Sat Feb 21 01:16:50 2026 UTC
SMART support is:     Available - device has SMART capability.
SMART support is:     Disabled
Temperature Warning:  Disabled or Not Supported

=== START OF READ SMART DATA SECTION ===
SMART Health Status: OK
Current Drive Temperature:     0 C
Drive Trip Temperature:        0 C

Error Counter logging not supported

Device does not support Self Test logging
